---
source: tui/src/startup_draft_tests.rs
expression: frames
---
before onboarding: hidden (0x0 viewport)
---
after onboarding:
╭─ alchemmist codex · unknown ─────╮
│  loading                         │
│  loading                         │
╰──────────────────────────────────╯


 ┃ Ask Codex to do anything

  ? for shortcuts
