---
source: tui/src/tmux_command_log_tests.rs
expression: "output.replace(GREEN_COMMAND_PROMPT, \"$\")"
---
Codex command log
session: 12345abc-0000-4000-8000-000000000000
cwd: /workspace

$ printf hello
  cwd: /workspace

hello
[stdin 42] yes
[✓ exit 0 · 1.2 s]
─────────────────────────────────────────────

$ missing-command
  cwd: /tmp

command not found
[✗ exit 127 · 8 ms]
─────────────────────────────────────────────

[tmux command log dropped output while its writer was busy]

[codex session ended]
