---
source: tui/src/frontend_tests.rs
assertion_line: 136
expression: visible
---
 ▀▄       ▄▀  Antex v0.0.0
  ▄▀█████▀▄
▄█▀▀█████▀▀█▄  Terminal coding agent
▀▀▄▄▀▀▀▀▀▄▄▀▀
  ██  ▄  ██  /help for commands
   ▀▀▀ ▀▀▀
›
hello

Antex
Hello from the kernel.

› /quit
fake · /project · workspace
Completed; 0 unsent inputs retained
