---
source: tui/src/bottom_pane/list_selection_view.rs
assertion_line: 1627
expression: render_lines(&view)
---
                                                
  Select Approval Mode                          
                                                
› 1. Read Only (current)  Antex can read files  
  2. Full Access          Antex can edit files  
                                                
  Press enter to confirm or esc to go back
