---
source: tui/src/bottom_pane/chat_composer.rs
assertion_line: 5439
expression: terminal.backend()
---
"                                                            "
" ┃ one                                                      "
" ┃                                                          "
" ┃                                                          "
" ┃                                                          "
" ┃                                                          "
" ┃                                                          "
"                                                            "
"                                         100% context left  "
